/home/scanny/STM32CubeIDE/STM32F4_BareMetal/F4_chip_headers/CMSIS/Include/core_cm4.h:1688:22:__NVIC_EnableIRQ	16	static
../Src/uart.c:32:5:__io_putchar	16	static
../Src/uart.c:37:6:dma1_stream6_init	24	static
../Src/uart.c:77:6:uart2_rxtx_init	8	static
../Src/uart.c:118:6:uart2_rx_interrupt_init	8	static
../Src/uart.c:164:6:uart2_tx_init	8	static
../Src/uart.c:193:6:uart2_read	4	static
../Src/uart.c:200:6:uart2_write	16	static
../Src/uart.c:209:13:uart_set_baudrate	24	static
../Src/uart.c:213:17:compute_uart_bd	16	static
